ERROR Semántic, el tipus del case no coincideix amb l'expressió inicial.
ERROR Semántic, senténcia incorrecte Linea: 33
